---
created: "2019-04-02T05:19:14.475017200Z"
creator: insta@0.7.1
source: src/tests/all_phases.rs
expression: "\n    let x = 1;\n    if (foo) {\n        just_read_global_state;\n    }\n    log(x);\n\n    let y = 1;\n    if (foo) {\n        function maybe_change_y() {\n            if (bar) y = 10;\n        }\n        maybe_change_y();\n    }\n    log(y);\n"
---
if (foo) {
    just_read_global_state;
}
log(1);
var y = 1;
if (foo) {
    function() {
        if (bar) {
            y = 10;
        }
    }();
}
log(y);

