---
created: "2019-04-05T04:24:48.442238500Z"
creator: insta@0.7.1
source: src/tests/all_phases.rs
expression: "\n    var x; // stays mutable, moved down to x = 0\n    g = function() {\n        x();\n    };\n    x = foo;\n    g2 = function() {\n        x = 1;\n    };\n"
---
g = function() {
    x();
};
var x = foo;
g2 = function() {
    x = 1;
};

