---
created: "2019-04-03T06:38:34.547365100Z"
creator: insta@0.7.1
source: src/tests/all_phases.rs
expression: "\n    function f(x) {\n        while (true);\n        x = y.bar;\n        z.foo = x ? true : 'hi';\n        return +[1 || x, { x }, f + 1, ++g];\n    }\n    f(1), true;\n"
---
function f() {
    while(true){
    }
    var _val = y['bar'];
    var _obj = z;
    var _val$1 = void 0;
    if (_val) {
        _val$1 = true;
    } else {
        _val$1 = 'hi';
    }
    _obj['foo'] = _val$1;
    var _log = 1;
    var _ele = _log;
    var _wri = g + 1;
    g = _wri;
    return +[_ele, {
            ['x']: _val
        }, f + 1, _wri];
}(1);

