---
created: "2019-04-05T04:37:43.809204500Z"
creator: insta@0.7.1
source: src/tests/all_phases.rs
expression: "\n    var r;\n    something;\n    r || (r = {});\n    var s = {};\n    var o;\n    for (o in r) s[o] = r[o];\n    r.x = 1;\n    for (o in s) r[o] = s[o];\n    var stuff = (function(r_inner) {\n        return {\n            xy: r_inner.x * 2\n        };\n    })(r);\n    var xy = stuff.xy;\n    window.foo = function foo(z) {\n        return z + xy;\n    };\n"
---
var xy = void 0;
something;
var _val = {
};
_val['x'] = 1;
xy = function(r_inner) {
    return {
        ['xy']: r_inner['x'] * 2
    };
}(_val)['xy'];
window['foo'] = function(z) {
    return z + xy;
};

