---
created: "2019-04-07T06:35:52.615963700Z"
creator: insta@0.7.1
source: src/tests/all_phases.rs
expression: "\n    let x = g;\n    do {\n        log(x);\n        g = 1;\n    } while (foo);\n"
---
var _ini = g;
for(;;){
    log(_ini);
    g = 1;
    if (foo) {
    } else {
        break;
    }
}

