---
created: "2019-04-04T19:26:26.481345700Z"
creator: insta@0.7.1
source: src/tests/ast2ir.rs
expression: "\n    (cond ? true_ : false_);\n"
---
_tst = <global cond>
_udf = <void>
_val <= _udf
<if> _tst:
    _cns = <global true_>
    _val <- _cns
<else>:
    _alt = <global false_>
    _val <- _alt
<dead> = *_val
