---
created: "2019-03-26T05:52:02.211057700Z"
creator: insta@0.7.1
source: src/tests/ast2ir.rs
expression: ppr
---

_fun = <function>:
    f = <current function>
    f$1 :- f
    x = <argument 0>
    x$1 :- x
    <loop>:
        _whl = true
        <if> _whl:
        <else>:
            <break>
    _obj = <global y>
    _prp = <global bar>
    _val = _obj[_prp]
    x$1 <- _val
    <dead> = _val
    _obj$1 = <global z>
    _prp$1 = <global foo>
    _tst = x$1
    _udf = <void>
    _val$1 :- _udf
    <if> _tst:
        _cns = "hi"
        _val$1 <- _cns
    <else>:
        _alt = true
        _val$1 <- _alt
    _val$2 = _val$1
    _obj$1[_prp$1] <- _val$2
    <dead> = _val$2
    _prd = 1
    _log :- _prd
    <if> _prd:
    <else>:
        _cns = x$1
        _log <- _cns
    _ele = _log
    _key = "x"
    _val$3 = x$1
    _ele$1 = { [_key]: _val$3 }
    _lhs = f$1
    _rhs = 1
    _ele$2 = _lhs + _rhs
    _rdr = <global g>
    _one = 1
    _wri = _rdr + _one
    <global g> <- _wri
    _ele$3 = _wri
    _una = [_ele, _ele$1, _ele$2, _ele$3]
    _ret = + _una
    <return> _ret
f :- _fun
_fun$1 = f
_arg = 1
<dead> = _fun$1(_arg)
<dead> = true
