---
created: "2019-04-01T02:57:49.832743600Z"
creator: insta@0.7.1
source: src/tests/ir2ast.rs
expression: "\n    if (x) {\n        good;\n    } else {}\n\n    try { good; } catch {} finally {}\n\n    try { good; } catch {} finally { good; }\n"
---
if (x) {
    good;
}
try {
    good;
} catch () {
}
try {
    good;
} finally{
    good;
}

