---
created: "2019-03-26T05:49:37.108566Z"
creator: insta@0.7.1
source: src/tests/ir2ast.rs
expression: js
---
var _fun = function f(x) {
    var f$1 = f;
    var x$1 = x;
    while(true){
        var _whl = true;
        if (_whl) {
        } else {
            break;
        }
    }
    var _obj = y;
    var _prp = bar;
    var _val = _obj[_prp];
    x$1 = _val;
    _val;
    var _obj$1 = z;
    var _prp$1 = foo;
    var _tst = x$1;
    var _udf = void 0;
    var _val$1 = _udf;
    if (_tst) {
        var _cns = 'hi';
        _val$1 = _cns;
    } else {
        var _alt = true;
        _val$1 = _alt;
    }
    var _val$2 = _val$1;
    _obj$1[_prp$1] = _val$2;
    _val$2;
    var _prd = 1;
    var _log = _prd;
    if (_prd) {
    } else {
        var _cns = x$1;
        _log = _cns;
    }
    var _ele = _log;
    var _key = 'x';
    var _val$3 = x$1;
    var _ele$1 = {
        [_key]: _val$3
    };
    var _lhs = f$1;
    var _rhs = 1;
    var _ele$2 = _lhs + _rhs;
    var _rdr = g;
    var _one = 1;
    var _wri = _rdr + _one;
    g = _wri;
    var _ele$3 = _wri;
    var _una = [_ele, _ele$1, _ele$2, _ele$3];
    var _ret = +_una;
    return _ret;
};
var f = _fun;
var _fun$1 = f;
var _arg = 1;
_fun$1(_arg);
true;

