---
created: "2019-04-05T07:02:50.013109Z"
creator: insta@0.7.1
source: src/tests/ir2ast.rs
expression: "\n    function f(x) {\n        while (true);\n        x = y.bar;\n        z.foo = x ? true : 'hi';\n        return +[1 || x, { x }, f + 1, ++g];\n    }\n    f(1), true;\n"
---
var f = void 0;
f = function f$1(x) {
    var f$2 = f$1;
    var x$1 = x;
    while(true){
        if (true) {
        } else {
            break;
        }
    }
    var _val = y['bar'];
    x$1 = _val;
    _val;
    var _obj = z;
    var _val$1 = void 0;
    if (x$1) {
        _val$1 = true;
    } else {
        _val$1 = 'hi';
    }
    var _val$2 = _val$1;
    _obj['foo'] = _val$2;
    _val$2;
    var _log = 1;
    if (1) {
    } else {
        _log = x$1;
    }
    var _ele = _log;
    var _ele$1 = {
        ['x']: x$1
    };
    var _ele$2 = f$2 + 1;
    var _wri = g + 1;
    g = _wri;
    return +[_ele, _ele$1, _ele$2, _wri];
};
f(1);
true;

