---
created: "2019-03-31T23:33:24.652650400Z"
creator: insta@0.7.1
source: src/tests/ir2ast.rs
expression: "\n    var x = 1;\n    (function() {\n        (function() {\n            x = 2;\n        });\n    });\n"
---
var x = void 0;
x = 1;
function() {
    function() {
        x = 2;
        2;
    };
};

