---
created: "2019-04-02T05:19:14.444045900Z"
creator: insta@0.7.1
source: src/opt/tests/all_passes.rs
expression: "\n    let x = 1;\n    x = 2;\n    x = 3;\n\n    let y = 10;\n    log(y);\n    log(y + 1);\n"
---
_ini = 10
_fun = <global log>
<dead> = _fun(_ini)
_fun$1 = <global log>
_arg = 11
<dead> = _fun$1(_arg)
