---
created: "2019-04-27T22:01:39.644416Z"
creator: insta@0.7.4
source: src/opt/tests/dce.rs
expression: "\n    let x = {};\n    foo();\n    x.y = 1;\n    for (let k in x) log(k);\n"
---
x = {  }
_fun = <global foo>
<dead> = _fun()
_prp = "y"
_val = 1
x[_prp] <- _val
<foreach in> x:
    _for = <argument 0>
    _fun$1 = <global log>
    <dead> = _fun$1(_for)
