---
created: "2019-04-27T22:01:39.675664100Z"
creator: insta@0.7.4
source: src/opt/tests/inline.rs
expression: "\n    g = (function f(a, b, c) {\n        log();\n        return a + b + c;\n    })(1, 2);\n"
---
_mis = <void>
_fun = <global log>
<dead> = _fun()
_lhs = 3
_val = _lhs + _mis
<global g> <- _val
