---
created: "2019-04-27T22:01:39.852873700Z"
creator: insta@0.7.4
source: src/opt/tests/redundant_obj.rs
expression: "\n    let something = {};\n    foo();\n    g1 = something.x;\n    g2 = something.y;\n"
---
something = {  }
_fun = <global foo>
<dead> = _fun()
_prp = "x"
_val = something[_prp]
<global g1> <- _val
_prp$1 = "y"
_val$1 = something[_prp$1]
<global g2> <- _val$1
