---
created: "2019-04-10T04:16:01.853085600Z"
creator: insta@0.7.1
source: src/opt/tests/redundant_obj.rs
expression: "\n    let something = {};\n    foo(something);\n    something.x = x;\n    something.x = y;\n"
---
_ini = {  }
_fun = <global foo>
<dead> = _fun(_ini)
<dead> = "x"
<dead> = <global x>
_prp = "x"
_val = <global y>
_ini[_prp] <- _val
