---
created: "2019-04-03T06:38:34.531739800Z"
creator: insta@0.7.1
source: src/opt/tests/redundant.rs
expression: "\n    let something = 1;\n    something = x;\n    // implicit void init\n    var y = 2;\n"
---
<dead> = <void>
<dead> = 1
_val = <global x>
something :- _val
<dead> = _val
_ini = 2
y :- _ini
