---
created: "2019-04-27T22:01:39.993873800Z"
creator: insta@0.7.4
source: src/opt/tests/redundant_obj.rs
expression: "\n    let obj = { foo: 1 };\n    obj.foo = 2;\n    obj.foo = 3;\n    obj.foo = 4;\n    obj.foo = 5;\n    g = obj;\n"
---
_key = "foo"
_val = 1
obj = { [_key]: _val }
<dead> = "foo"
<dead> = 2
<dead> = "foo"
<dead> = 3
<dead> = "foo"
<dead> = 4
_prp = "foo"
_val$1 = 5
obj[_prp] <- _val$1
<global g> <- obj
