---
created: "2019-04-10T05:53:15.493769700Z"
creator: insta@0.7.1
source: src/opt/tests/sroa.rs
expression: "\n    let a = { inner: 0, outer: 1 };\n    switch (x) {\n        case 1:\n            a.inner = 2;\n            a.inner;\n        case 2:\n            a.inner;\n    }\n    a.outer;\n"
---
<dead> = "inner"
_val = 0
<dead> = "outer"
_val$1 = 1
inner <= _val
outer <= _val$1
_swi = <global x>
_tst = 1
_tst$1 = 2
<switch> _swi:
    <case> _tst:
    <dead> = "inner"
    _val$2 = 2
    inner <- _val$2
    <dead> = "inner"
    <dead> = *inner
    <case> _tst$1:
    <dead> = "inner"
    <dead> = *inner
<dead> = "outer"
<dead> = *outer
