---
created: "2019-04-10T05:53:15.478768400Z"
creator: insta@0.7.1
source: src/opt/tests/sroa.rs
expression: "\n    let something = { x: 1 };\n    foo();\n    g1 = something.x;\n    something.x = g2;\n"
---
<dead> = "x"
_val = 1
x <= _val
_fun = <global foo>
<dead> = _fun()
<dead> = "x"
_val$1 = *x
<global g1> <- _val$1
<dead> = "x"
_val$2 = <global g2>
x <- _val$2
