---
created: "2019-04-09T17:16:06.425758900Z"
creator: insta@0.7.1
source: src/opt/tests/writeonly.rs
expression: "\n    const x = {};\n    log();\n    x.z = 3;\n    g = function f() {\n        x.y;\n    }\n"
---
_ini = {  }
_fun = <global log>
<dead> = _fun()
_prp = "z"
_val = 3
_ini[_prp] <- _val
_val$1 = <function>:
    _prp$1 = "y"
    <dead> = _ini[_prp$1]
<global g> <- _val$1
